0 0 w a 1
1 0 w b 1
2 0 r a  
2 1 r b  
3 0 r b  
3 1 r a  
# Manually specified dependencies
0.0 -> 2.0
1.0 -> 3.0
2.1 -> 1.0
3.1 -> 0.0
# Program-order dependencies
2.0 -> 2.1
3.0 -> 3.1
# Propagated dependencies
0.0 -> 2.1
1.0 -> 3.1
2.0 -> 1.0
3.0 -> 0.0
Happens-before dependencies for task 0
Happens-before dependencies for task 1
Happens-before dependencies for task 2
0.0 -> 2.0
0.0 -> 2.1
2.0 -> 1.0
2.0 -> 2.1
2.1 -> 1.0
Happens-before dependencies for task 3
1.0 -> 3.0
1.0 -> 3.1
3.0 -> 0.0
3.0 -> 3.1
3.1 -> 0.0
No cycles found: plausible CCCC execution
