Fatal: line: 2: Bad statement: format is "t s o v v"
