Warning: line: 17: Read-to-read dependency
Warning: lines: 18/19: Double upstream write dependency
Warning: line: 19: Variable a has non-linear write chain
0.0 w a 1
0.1 w b 1
1.0 w a 2
1.1 w b 2
2.0 w a 3
2.1 w b 3
3.0 w a 4
4.0 w a 5
5.0 r a  
6.0 r a  
# Manually specified dependencies
0.0 -> 1.0
0.1 -> 2.1
1.0 -> 2.0
1.1 -> 2.1
2.0 -> 3.0
5.0 -> 6.0
# Program-order dependencies
0.0 -> 0.1
1.0 -> 1.1
2.0 -> 2.1
# Propagated dependencies
0.0 -> 1.1
0.0 -> 2.1
1.0 -> 2.1
Happens-before dependencies for task 0
0.0 -> 0.1
0.0 -> 1.0
0.0 -> 1.1
0.0 -> 2.1
0.1 -> 2.1
1.0 -> 1.1
1.0 -> 2.0
1.1 -> 2.1
2.0 -> 2.1
2.0 -> 3.0
Happens-before dependencies for task 1
0.0 -> 0.1
0.0 -> 1.0
0.0 -> 1.1
0.1 -> 2.1
1.0 -> 1.1
1.0 -> 2.0
1.0 -> 2.1
1.1 -> 2.1
2.0 -> 2.1
2.0 -> 3.0
Happens-before dependencies for task 2
0.0 -> 0.1
0.0 -> 1.0
0.0 -> 2.1
0.1 -> 2.1
1.0 -> 1.1
1.0 -> 2.0
1.0 -> 2.1
1.1 -> 2.1
2.0 -> 2.1
2.0 -> 3.0
Happens-before dependencies for task 3
0.0 -> 0.1
0.0 -> 1.0
0.1 -> 2.1
1.0 -> 1.1
1.0 -> 2.0
1.1 -> 2.1
2.0 -> 2.1
2.0 -> 3.0
Happens-before dependencies for task 4
0.0 -> 0.1
0.0 -> 1.0
0.1 -> 2.1
1.0 -> 1.1
1.0 -> 2.0
1.1 -> 2.1
2.0 -> 2.1
2.0 -> 3.0
Happens-before dependencies for task 5
0.0 -> 0.1
0.0 -> 1.0
0.1 -> 2.1
1.0 -> 1.1
1.0 -> 2.0
1.1 -> 2.1
2.0 -> 2.1
2.0 -> 3.0
5.0 -> 6.0
Happens-before dependencies for task 6
0.0 -> 0.1
0.0 -> 1.0
0.1 -> 2.1
1.0 -> 1.1
1.0 -> 2.0
1.1 -> 2.1
2.0 -> 2.1
2.0 -> 3.0
5.0 -> 6.0
No cycles found: plausible CCCC execution
3 warnings issued, please fix and rerun
