Warning: line: 8: Value read not written by preceding write
0.0 w a 1
0.1 r b 0
1.0 w b 1
1.1 r a 0
# Manually specified dependencies
0.0 -> 1.1
0.1 -> 1.0
# Program-order dependencies
0.0 -> 0.1
1.0 -> 1.1
# Propagated dependencies
0.0 -> 1.0
0.0 -> 1.1
0.1 -> 1.1
Happens-before dependencies for task 0
0.0 -> 0.1
0.0 -> 1.0
0.0 -> 1.1
0.1 -> 1.0
0.1 -> 1.1
1.0 -> 1.1
Happens-before dependencies for task 1
0.0 -> 0.1
0.0 -> 1.0
0.0 -> 1.1
0.1 -> 1.0
0.1 -> 1.1
1.0 -> 1.1
No cycles found: plausible CCCC execution
1 warnings issued, please fix and rerun
