0.0 r y 0
0.1 w x 0
1.0 r x 0
1.1 w y 1
# Manually specified dependencies
0.0 -> 1.1
0.1 -> 1.0
# Program-order dependencies
0.0 -> 0.1
1.0 -> 1.1
# Propagated dependencies
0.0 -> 1.0
0.0 -> 1.1
0.1 -> 1.1
Happens-before dependencies for task 0
0.0 -> 0.1
0.0 -> 1.0
0.0 -> 1.1
0.1 -> 1.0
0.1 -> 1.1
1.0 -> 1.1
Happens-before dependencies for task 1
0.0 -> 0.1
0.0 -> 1.0
0.0 -> 1.1
0.1 -> 1.0
0.1 -> 1.1
1.0 -> 1.1
No cycles found: plausible CCCC execution
