1.1 w x 1
2.2 w y 1
3.3 r x 1
3.4 r y 0
4.5 r y 1
4.6 r x 0
# Manually specified dependencies
1.1 -> 3.3
2.2 -> 4.5
3.4 -> 2.2
4.6 -> 1.1
# Program-order dependencies
3.3 -> 3.4
4.5 -> 4.6
# Propagated dependencies
1.1 -> 3.4
2.2 -> 4.6
3.3 -> 2.2
4.5 -> 1.1
Happens-before dependencies for task 1
1.1 -> 3.3
1.1 -> 3.4
3.3 -> 3.4
4.5 -> 1.1
4.5 -> 4.6
4.6 -> 1.1
Happens-before dependencies for task 2
2.2 -> 4.5
2.2 -> 4.6
3.3 -> 2.2
3.3 -> 3.4
3.4 -> 2.2
4.5 -> 4.6
Happens-before dependencies for task 3
1.1 -> 3.3
1.1 -> 3.4
3.3 -> 2.2
3.3 -> 3.4
3.4 -> 2.2
4.5 -> 4.6
Happens-before dependencies for task 4
2.2 -> 4.5
2.2 -> 4.6
3.3 -> 3.4
4.5 -> 1.1
4.5 -> 4.6
4.6 -> 1.1
No cycles found: plausible CCCC execution
